::1 - - [03/Nov/2025 09:35:31] "HEAD / HTTP/1.1" 200 -
::1 - - [03/Nov/2025 09:35:39] "GET /?id=d33a153f-0f47-4015-9683-67faaac9c8ac&vscodeBrowserReqId=1762191339794 HTTP/1.1" 200 -
::1 - - [03/Nov/2025 09:35:39] "GET /style.css HTTP/1.1" 200 -
::1 - - [03/Nov/2025 09:35:39] "GET /script.js HTTP/1.1" 200 -
::1 - - [03/Nov/2025 09:35:41] "GET /?id=d33a153f-0f47-4015-9683-67faaac9c8ac&vscodeBrowserReqId=1762191341868 HTTP/1.1" 200 -
::1 - - [03/Nov/2025 09:42:40] "GET /?id=d33a153f-0f47-4015-9683-67faaac9c8ac&vscodeBrowserReqId=1762191760256 HTTP/1.1" 200 -
::1 - - [03/Nov/2025 09:42:40] "GET /style.css HTTP/1.1" 304 -
::1 - - [03/Nov/2025 09:42:40] "GET /script.js HTTP/1.1" 200 -
::1 - - [03/Nov/2025 09:42:41] "GET /data/183data.geojson HTTP/1.1" 200 -
::1 - - [03/Nov/2025 10:05:10] "GET /?id=d33a153f-0f47-4015-9683-67faaac9c8ac&vscodeBrowserReqId=1762193110235 HTTP/1.1" 200 -
::1 - - [03/Nov/2025 10:05:10] "GET /style.css HTTP/1.1" 304 -
::1 - - [03/Nov/2025 10:05:10] "GET /script.js HTTP/1.1" 200 -
::1 - - [03/Nov/2025 10:05:11] "GET /data/183data.geojson HTTP/1.1" 304 -
::1 - - [03/Nov/2025 10:06:00] "GET /?id=d33a153f-0f47-4015-9683-67faaac9c8ac&vscodeBrowserReqId=1762193160616 HTTP/1.1" 200 -
::1 - - [03/Nov/2025 10:06:00] "GET /script.js HTTP/1.1" 200 -
::1 - - [03/Nov/2025 10:09:32] "GET /?id=d33a153f-0f47-4015-9683-67faaac9c8ac&vscodeBrowserReqId=1762193372966 HTTP/1.1" 200 -
::1 - - [03/Nov/2025 10:09:33] "GET /style.css HTTP/1.1" 304 -
::1 - - [03/Nov/2025 10:09:33] "GET /script.js HTTP/1.1" 200 -
::1 - - [03/Nov/2025 10:09:46] "GET /?id=d33a153f-0f47-4015-9683-67faaac9c8ac&vscodeBrowserReqId=1762193386181 HTTP/1.1" 200 -
::1 - - [03/Nov/2025 10:09:46] "GET /script.js HTTP/1.1" 304 -
::1 - - [03/Nov/2025 10:09:53] "GET /?id=d33a153f-0f47-4015-9683-67faaac9c8ac&vscodeBrowserReqId=1762193393915 HTTP/1.1" 200 -
::1 - - [03/Nov/2025 10:09:53] "GET /script.js HTTP/1.1" 200 -
::1 - - [03/Nov/2025 10:09:54] "GET /data/183data.geojson HTTP/1.1" 304 -
::1 - - [03/Nov/2025 10:15:47] "GET /?id=d33a153f-0f47-4015-9683-67faaac9c8ac&vscodeBrowserReqId=1762193747467 HTTP/1.1" 200 -
::1 - - [03/Nov/2025 10:15:47] "GET /style.css HTTP/1.1" 304 -
::1 - - [03/Nov/2025 10:15:47] "GET /script.js HTTP/1.1" 304 -
::1 - - [03/Nov/2025 10:15:48] "GET /data/183data.geojson HTTP/1.1" 200 -
::1 - - [03/Nov/2025 10:16:38] "GET /?id=d33a153f-0f47-4015-9683-67faaac9c8ac&vscodeBrowserReqId=1762193798485 HTTP/1.1" 200 -
::1 - - [03/Nov/2025 10:16:38] "GET /script.js HTTP/1.1" 304 -
::1 - - [03/Nov/2025 10:16:39] "GET /data/183data.geojson HTTP/1.1" 200 -
::1 - - [03/Nov/2025 10:20:06] "GET /?id=d33a153f-0f47-4015-9683-67faaac9c8ac&vscodeBrowserReqId=1762194006186 HTTP/1.1" 200 -
::1 - - [03/Nov/2025 10:20:06] "GET /style.css HTTP/1.1" 304 -
::1 - - [03/Nov/2025 10:20:06] "GET /script.js HTTP/1.1" 304 -
::1 - - [03/Nov/2025 10:20:07] "GET /data/183data.geojson HTTP/1.1" 200 -
::1 - - [03/Nov/2025 10:20:43] "GET /?id=d33a153f-0f47-4015-9683-67faaac9c8ac&vscodeBrowserReqId=1762194043250 HTTP/1.1" 200 -
::1 - - [03/Nov/2025 10:20:43] "GET /data/183data.geojson HTTP/1.1" 200 -
::1 - - [03/Nov/2025 10:22:03] "GET /?id=d33a153f-0f47-4015-9683-67faaac9c8ac&vscodeBrowserReqId=1762194123836 HTTP/1.1" 200 -
::1 - - [03/Nov/2025 10:22:04] "GET /script.js HTTP/1.1" 200 -
::1 - - [03/Nov/2025 10:22:04] "GET /data/183data.geojson HTTP/1.1" 304 -
::1 - - [03/Nov/2025 10:23:26] "GET /?id=d33a153f-0f47-4015-9683-67faaac9c8ac&vscodeBrowserReqId=1762194206481 HTTP/1.1" 200 -
::1 - - [03/Nov/2025 10:23:26] "GET /script.js HTTP/1.1" 304 -
::1 - - [03/Nov/2025 10:23:27] "GET /data/183data.geojson HTTP/1.1" 304 -
::1 - - [03/Nov/2025 10:23:37] "GET / HTTP/1.1" 200 -
::1 - - [03/Nov/2025 10:23:37] "GET /style.css HTTP/1.1" 200 -
::1 - - [03/Nov/2025 10:23:37] "GET /script.js HTTP/1.1" 200 -
::1 - - [03/Nov/2025 10:23:40] code 404, message File not found
::1 - - [03/Nov/2025 10:23:40] "GET /favicon.ico HTTP/1.1" 404 -
::1 - - [03/Nov/2025 10:23:41] "GET /data/183data.geojson HTTP/1.1" 200 -
::1 - - [03/Nov/2025 10:34:33] "GET /?id=d33a153f-0f47-4015-9683-67faaac9c8ac&vscodeBrowserReqId=1762194873698 HTTP/1.1" 200 -
::1 - - [03/Nov/2025 10:34:34] "GET /style.css HTTP/1.1" 200 -
::1 - - [03/Nov/2025 10:34:34] "GET /script.js HTTP/1.1" 304 -
::1 - - [03/Nov/2025 10:34:35] "GET /data/183data.geojson HTTP/1.1" 304 -
::1 - - [03/Nov/2025 10:35:01] "GET /?id=d33a153f-0f47-4015-9683-67faaac9c8ac&vscodeBrowserReqId=1762194901102 HTTP/1.1" 200 -
::1 - - [03/Nov/2025 10:35:09] "GET /?id=d33a153f-0f47-4015-9683-67faaac9c8ac&vscodeBrowserReqId=1762194909044 HTTP/1.1" 200 -
::1 - - [03/Nov/2025 10:36:29] "GET /?id=d33a153f-0f47-4015-9683-67faaac9c8ac&vscodeBrowserReqId=1762194988979 HTTP/1.1" 200 -
::1 - - [03/Nov/2025 10:36:29] "GET /style.css HTTP/1.1" 304 -
::1 - - [03/Nov/2025 10:36:29] "GET /script.js HTTP/1.1" 304 -
::1 - - [03/Nov/2025 10:36:29] "GET /data/183data.geojson HTTP/1.1" 304 -
::1 - - [03/Nov/2025 10:36:30] "GET /?id=d33a153f-0f47-4015-9683-67faaac9c8ac&vscodeBrowserReqId=1762194990793 HTTP/1.1" 200 -
::1 - - [03/Nov/2025 10:37:16] "GET /?id=d33a153f-0f47-4015-9683-67faaac9c8ac&vscodeBrowserReqId=1762195036344 HTTP/1.1" 200 -
::1 - - [03/Nov/2025 10:37:17] "GET /?id=d33a153f-0f47-4015-9683-67faaac9c8ac&vscodeBrowserReqId=1762195037541 HTTP/1.1" 200 -
::1 - - [03/Nov/2025 10:37:18] "GET /?id=d33a153f-0f47-4015-9683-67faaac9c8ac&vscodeBrowserReqId=1762195038292 HTTP/1.1" 200 -
::1 - - [03/Nov/2025 10:38:00] "GET /?id=d33a153f-0f47-4015-9683-67faaac9c8ac&vscodeBrowserReqId=1762195080774 HTTP/1.1" 200 -
::1 - - [03/Nov/2025 10:38:00] "GET /style.css HTTP/1.1" 200 -
::1 - - [03/Nov/2025 10:38:00] "GET /script.js HTTP/1.1" 304 -
::1 - - [03/Nov/2025 10:38:03] "GET /?id=d33a153f-0f47-4015-9683-67faaac9c8ac&vscodeBrowserReqId=1762195083591 HTTP/1.1" 200 -
::1 - - [03/Nov/2025 10:38:03] "GET /style.css HTTP/1.1" 304 -
::1 - - [03/Nov/2025 10:38:04] "GET /data/183data.geojson HTTP/1.1" 304 -
::1 - - [03/Nov/2025 10:38:33] "GET /?id=d33a153f-0f47-4015-9683-67faaac9c8ac&vscodeBrowserReqId=1762195113258 HTTP/1.1" 200 -
::1 - - [03/Nov/2025 10:38:33] "GET /style.css HTTP/1.1" 200 -
::1 - - [03/Nov/2025 10:38:55] "GET /?id=d33a153f-0f47-4015-9683-67faaac9c8ac&vscodeBrowserReqId=1762195135174 HTTP/1.1" 200 -
::1 - - [03/Nov/2025 10:38:55] "GET /style.css HTTP/1.1" 200 -
::1 - - [03/Nov/2025 10:39:05] "GET /?id=d33a153f-0f47-4015-9683-67faaac9c8ac&vscodeBrowserReqId=1762195145589 HTTP/1.1" 200 -
::1 - - [03/Nov/2025 10:39:05] "GET /style.css HTTP/1.1" 200 -
::1 - - [03/Nov/2025 10:39:23] "GET /?id=d33a153f-0f47-4015-9683-67faaac9c8ac&vscodeBrowserReqId=1762195163856 HTTP/1.1" 200 -
::1 - - [03/Nov/2025 10:39:23] "GET /style.css HTTP/1.1" 200 -
::1 - - [03/Nov/2025 10:39:35] "GET /?id=d33a153f-0f47-4015-9683-67faaac9c8ac&vscodeBrowserReqId=1762195175074 HTTP/1.1" 200 -
::1 - - [03/Nov/2025 10:39:35] "GET /style.css HTTP/1.1" 200 -
::1 - - [03/Nov/2025 10:39:52] "GET /?id=d33a153f-0f47-4015-9683-67faaac9c8ac&vscodeBrowserReqId=1762195192905 HTTP/1.1" 200 -
::1 - - [03/Nov/2025 10:39:52] "GET /style.css HTTP/1.1" 200 -
::1 - - [03/Nov/2025 10:39:52] "GET /script.js HTTP/1.1" 304 -
::1 - - [03/Nov/2025 10:39:53] "GET /data/183data.geojson HTTP/1.1" 304 -
::1 - - [03/Nov/2025 10:40:02] "GET /?id=d33a153f-0f47-4015-9683-67faaac9c8ac&vscodeBrowserReqId=1762195202789 HTTP/1.1" 200 -
::1 - - [03/Nov/2025 10:40:02] "GET /style.css HTTP/1.1" 200 -
::1 - - [03/Nov/2025 10:40:13] "GET /?id=d33a153f-0f47-4015-9683-67faaac9c8ac&vscodeBrowserReqId=1762195213506 HTTP/1.1" 200 -
::1 - - [03/Nov/2025 10:40:13] "GET /style.css HTTP/1.1" 200 -
::1 - - [03/Nov/2025 10:41:44] "GET /?id=d33a153f-0f47-4015-9683-67faaac9c8ac&vscodeBrowserReqId=1762195304524 HTTP/1.1" 200 -
::1 - - [03/Nov/2025 10:41:44] "GET /style.css HTTP/1.1" 304 -
::1 - - [03/Nov/2025 10:41:44] "GET /script.js HTTP/1.1" 200 -
::1 - - [03/Nov/2025 10:42:00] "GET /?id=d33a153f-0f47-4015-9683-67faaac9c8ac&vscodeBrowserReqId=1762195320871 HTTP/1.1" 200 -
::1 - - [03/Nov/2025 10:42:00] "GET /style.css HTTP/1.1" 304 -
::1 - - [03/Nov/2025 10:42:00] "GET /script.js HTTP/1.1" 200 -
::1 - - [03/Nov/2025 10:42:01] "GET /data/183data.geojson HTTP/1.1" 304 -
::1 - - [03/Nov/2025 10:42:31] "GET /?id=d33a153f-0f47-4015-9683-67faaac9c8ac&vscodeBrowserReqId=1762195351556 HTTP/1.1" 200 -
::1 - - [03/Nov/2025 10:42:31] "GET /style.css HTTP/1.1" 304 -
::1 - - [03/Nov/2025 10:42:31] "GET /script.js HTTP/1.1" 200 -
::1 - - [03/Nov/2025 10:42:54] "GET /?id=d33a153f-0f47-4015-9683-67faaac9c8ac&vscodeBrowserReqId=1762195374255 HTTP/1.1" 200 -
::1 - - [03/Nov/2025 10:42:54] "GET /script.js HTTP/1.1" 304 -
::1 - - [03/Nov/2025 10:42:54] "GET /style.css HTTP/1.1" 304 -
::1 - - [03/Nov/2025 10:43:20] "GET /?id=d33a153f-0f47-4015-9683-67faaac9c8ac&vscodeBrowserReqId=1762195400906 HTTP/1.1" 200 -
::1 - - [03/Nov/2025 10:43:20] "GET /script.js HTTP/1.1" 304 -
::1 - - [03/Nov/2025 10:43:20] "GET /style.css HTTP/1.1" 304 -
::1 - - [03/Nov/2025 10:43:50] "GET /?id=d33a153f-0f47-4015-9683-67faaac9c8ac&vscodeBrowserReqId=1762195430439 HTTP/1.1" 200 -
::1 - - [03/Nov/2025 10:43:50] "GET /script.js HTTP/1.1" 304 -
::1 - - [03/Nov/2025 10:43:50] "GET /style.css HTTP/1.1" 304 -
::1 - - [03/Nov/2025 10:44:00] "GET /?id=d33a153f-0f47-4015-9683-67faaac9c8ac&vscodeBrowserReqId=1762195440923 HTTP/1.1" 200 -
::1 - - [03/Nov/2025 10:44:00] "GET /script.js HTTP/1.1" 200 -
::1 - - [03/Nov/2025 10:44:14] "GET /?id=d33a153f-0f47-4015-9683-67faaac9c8ac&vscodeBrowserReqId=1762195454472 HTTP/1.1" 200 -
::1 - - [03/Nov/2025 10:44:14] "GET /style.css HTTP/1.1" 304 -
::1 - - [03/Nov/2025 10:44:14] "GET /script.js HTTP/1.1" 200 -
::1 - - [03/Nov/2025 10:44:15] "GET /data/183data.geojson HTTP/1.1" 304 -
::1 - - [03/Nov/2025 10:44:28] "GET /?id=d33a153f-0f47-4015-9683-67faaac9c8ac&vscodeBrowserReqId=1762195468038 HTTP/1.1" 200 -
::1 - - [03/Nov/2025 10:44:28] "GET /script.js HTTP/1.1" 200 -
::1 - - [03/Nov/2025 10:45:52] "GET /?id=d33a153f-0f47-4015-9683-67faaac9c8ac&vscodeBrowserReqId=1762195552907 HTTP/1.1" 200 -
::1 - - [03/Nov/2025 10:45:53] "GET /style.css HTTP/1.1" 304 -
::1 - - [03/Nov/2025 10:45:53] "GET /script.js HTTP/1.1" 304 -
::1 - - [03/Nov/2025 10:46:08] "GET /?id=d33a153f-0f47-4015-9683-67faaac9c8ac&vscodeBrowserReqId=1762195568038 HTTP/1.1" 200 -
::1 - - [03/Nov/2025 10:46:08] "GET /script.js HTTP/1.1" 200 -
::1 - - [03/Nov/2025 10:47:29] "GET /?id=d33a153f-0f47-4015-9683-67faaac9c8ac&vscodeBrowserReqId=1762195649641 HTTP/1.1" 200 -
::1 - - [03/Nov/2025 10:47:29] "GET /style.css HTTP/1.1" 304 -
::1 - - [03/Nov/2025 10:47:29] "GET /script.js HTTP/1.1" 304 -
::1 - - [03/Nov/2025 10:47:30] "GET /data/183data.geojson HTTP/1.1" 304 -
::1 - - [03/Nov/2025 10:47:36] "GET /?id=d33a153f-0f47-4015-9683-67faaac9c8ac&vscodeBrowserReqId=1762195656354 HTTP/1.1" 200 -
::1 - - [03/Nov/2025 10:47:45] "GET /?id=d33a153f-0f47-4015-9683-67faaac9c8ac&vscodeBrowserReqId=1762195665387 HTTP/1.1" 200 -
::1 - - [03/Nov/2025 10:47:45] "GET /script.js HTTP/1.1" 200 -
::1 - - [03/Nov/2025 10:47:57] "GET /?id=d33a153f-0f47-4015-9683-67faaac9c8ac&vscodeBrowserReqId=1762195677837 HTTP/1.1" 200 -
::1 - - [03/Nov/2025 10:47:57] "GET /script.js HTTP/1.1" 200 -
::1 - - [03/Nov/2025 10:47:58] "GET /?id=d33a153f-0f47-4015-9683-67faaac9c8ac&vscodeBrowserReqId=1762195678786 HTTP/1.1" 200 -
::1 - - [03/Nov/2025 10:47:58] "GET /script.js HTTP/1.1" 304 -
::1 - - [03/Nov/2025 10:48:01] "GET /?id=d33a153f-0f47-4015-9683-67faaac9c8ac&vscodeBrowserReqId=1762195681021 HTTP/1.1" 200 -
::1 - - [03/Nov/2025 10:48:01] "GET /script.js HTTP/1.1" 304 -
::1 - - [03/Nov/2025 10:50:46] "GET /?id=d33a153f-0f47-4015-9683-67faaac9c8ac&vscodeBrowserReqId=1762195846859 HTTP/1.1" 200 -
::1 - - [03/Nov/2025 10:50:47] "GET /style.css HTTP/1.1" 304 -
::1 - - [03/Nov/2025 10:50:47] "GET /script.js HTTP/1.1" 304 -
::1 - - [03/Nov/2025 10:50:48] "GET /data/183data.geojson HTTP/1.1" 304 -
::1 - - [03/Nov/2025 10:50:55] "GET /?id=d33a153f-0f47-4015-9683-67faaac9c8ac&vscodeBrowserReqId=1762195855005 HTTP/1.1" 200 -
::1 - - [03/Nov/2025 10:50:59] "GET /?id=d33a153f-0f47-4015-9683-67faaac9c8ac&vscodeBrowserReqId=1762195859305 HTTP/1.1" 200 -
::1 - - [03/Nov/2025 10:51:11] "GET /?id=d33a153f-0f47-4015-9683-67faaac9c8ac&vscodeBrowserReqId=1762195871671 HTTP/1.1" 200 -
::1 - - [03/Nov/2025 10:51:11] "GET /script.js HTTP/1.1" 200 -
::1 - - [03/Nov/2025 10:53:54] "GET /?id=d33a153f-0f47-4015-9683-67faaac9c8ac&vscodeBrowserReqId=1762196034574 HTTP/1.1" 200 -
::1 - - [03/Nov/2025 10:53:54] "GET /style.css HTTP/1.1" 304 -
::1 - - [03/Nov/2025 10:53:54] "GET /script.js HTTP/1.1" 200 -
::1 - - [03/Nov/2025 10:53:55] "GET /data/183data.geojson HTTP/1.1" 304 -
::1 - - [03/Nov/2025 10:53:56] "GET /?id=d33a153f-0f47-4015-9683-67faaac9c8ac&vscodeBrowserReqId=1762196036953 HTTP/1.1" 200 -
::1 - - [03/Nov/2025 10:53:57] "GET /script.js HTTP/1.1" 304 -
::1 - - [03/Nov/2025 10:54:01] "GET /?id=d33a153f-0f47-4015-9683-67faaac9c8ac&vscodeBrowserReqId=1762196041420 HTTP/1.1" 200 -
::1 - - [03/Nov/2025 10:54:01] "GET /script.js HTTP/1.1" 304 -
::1 - - [03/Nov/2025 10:54:09] "GET /?id=d33a153f-0f47-4015-9683-67faaac9c8ac&vscodeBrowserReqId=1762196049186 HTTP/1.1" 200 -
::1 - - [03/Nov/2025 10:54:09] "GET /script.js HTTP/1.1" 304 -
::1 - - [03/Nov/2025 10:54:13] "GET /?id=d33a153f-0f47-4015-9683-67faaac9c8ac&vscodeBrowserReqId=1762196053871 HTTP/1.1" 200 -
::1 - - [03/Nov/2025 10:54:13] "GET /script.js HTTP/1.1" 304 -
::1 - - [03/Nov/2025 10:54:25] "GET /?id=d33a153f-0f47-4015-9683-67faaac9c8ac&vscodeBrowserReqId=1762196065254 HTTP/1.1" 200 -
::1 - - [03/Nov/2025 10:54:25] "GET /script.js HTTP/1.1" 304 -
::1 - - [03/Nov/2025 10:54:28] "GET /?id=d33a153f-0f47-4015-9683-67faaac9c8ac&vscodeBrowserReqId=1762196068521 HTTP/1.1" 200 -
::1 - - [03/Nov/2025 10:54:28] "GET /script.js HTTP/1.1" 304 -
::1 - - [03/Nov/2025 10:54:44] "GET /?id=d33a153f-0f47-4015-9683-67faaac9c8ac&vscodeBrowserReqId=1762196084270 HTTP/1.1" 200 -
::1 - - [03/Nov/2025 10:54:44] "GET /script.js HTTP/1.1" 304 -
::1 - - [03/Nov/2025 10:55:47] "GET /?id=d33a153f-0f47-4015-9683-67faaac9c8ac&vscodeBrowserReqId=1762196147736 HTTP/1.1" 200 -
::1 - - [03/Nov/2025 10:55:47] "GET /style.css HTTP/1.1" 304 -
::1 - - [03/Nov/2025 10:55:47] "GET /script.js HTTP/1.1" 200 -
::1 - - [03/Nov/2025 10:57:24] "GET /?id=d33a153f-0f47-4015-9683-67faaac9c8ac&vscodeBrowserReqId=1762196244520 HTTP/1.1" 200 -
::1 - - [03/Nov/2025 10:57:24] "GET /style.css HTTP/1.1" 304 -
::1 - - [03/Nov/2025 10:57:24] "GET /script.js HTTP/1.1" 200 -
::1 - - [03/Nov/2025 10:57:25] "GET /data/183data.geojson HTTP/1.1" 304 -
::1 - - [03/Nov/2025 10:57:31] "GET /?id=d33a153f-0f47-4015-9683-67faaac9c8ac&vscodeBrowserReqId=1762196251221 HTTP/1.1" 200 -
::1 - - [03/Nov/2025 10:57:31] "GET /script.js HTTP/1.1" 304 -
::1 - - [03/Nov/2025 10:57:37] "GET /?id=d33a153f-0f47-4015-9683-67faaac9c8ac&vscodeBrowserReqId=1762196257319 HTTP/1.1" 200 -
::1 - - [03/Nov/2025 10:57:37] "GET /script.js HTTP/1.1" 200 -
::1 - - [03/Nov/2025 12:50:19] "GET /?id=d33a153f-0f47-4015-9683-67faaac9c8ac&vscodeBrowserReqId=1762203019284 HTTP/1.1" 200 -
::1 - - [03/Nov/2025 12:50:19] "GET /script.js HTTP/1.1" 200 -
::1 - - [03/Nov/2025 12:50:19] "GET /style.css HTTP/1.1" 304 -
::1 - - [03/Nov/2025 12:50:23] "GET /?id=d33a153f-0f47-4015-9683-67faaac9c8ac&vscodeBrowserReqId=1762203023268 HTTP/1.1" 200 -
::1 - - [03/Nov/2025 12:50:28] "GET /data/183data.geojson HTTP/1.1" 304 -
::1 - - [03/Nov/2025 12:51:12] "GET /?id=d33a153f-0f47-4015-9683-67faaac9c8ac&vscodeBrowserReqId=1762203072484 HTTP/1.1" 200 -
::1 - - [03/Nov/2025 12:51:18] "GET /?id=d33a153f-0f47-4015-9683-67faaac9c8ac&vscodeBrowserReqId=1762203078366 HTTP/1.1" 200 -
::1 - - [03/Nov/2025 12:51:30] "GET /?id=d33a153f-0f47-4015-9683-67faaac9c8ac&vscodeBrowserReqId=1762203090399 HTTP/1.1" 200 -
::1 - - [03/Nov/2025 12:51:32] "GET /?id=d33a153f-0f47-4015-9683-67faaac9c8ac&vscodeBrowserReqId=1762203092916 HTTP/1.1" 200 -
::1 - - [03/Nov/2025 12:51:33] "GET /?id=d33a153f-0f47-4015-9683-67faaac9c8ac&vscodeBrowserReqId=1762203093497 HTTP/1.1" 200 -
::1 - - [03/Nov/2025 12:51:54] "GET /?id=d33a153f-0f47-4015-9683-67faaac9c8ac&vscodeBrowserReqId=1762203114550 HTTP/1.1" 200 -
::1 - - [03/Nov/2025 12:52:06] "GET /?id=d33a153f-0f47-4015-9683-67faaac9c8ac&vscodeBrowserReqId=1762203126832 HTTP/1.1" 200 -
::1 - - [03/Nov/2025 12:52:31] "GET /?id=d33a153f-0f47-4015-9683-67faaac9c8ac&vscodeBrowserReqId=1762203151381 HTTP/1.1" 200 -
::1 - - [03/Nov/2025 12:52:32] "GET /?id=d33a153f-0f47-4015-9683-67faaac9c8ac&vscodeBrowserReqId=1762203152297 HTTP/1.1" 200 -
::1 - - [03/Nov/2025 12:52:32] "GET /?id=d33a153f-0f47-4015-9683-67faaac9c8ac&vscodeBrowserReqId=1762203152498 HTTP/1.1" 200 -
::1 - - [03/Nov/2025 12:52:32] "GET /?id=d33a153f-0f47-4015-9683-67faaac9c8ac&vscodeBrowserReqId=1762203152697 HTTP/1.1" 200 -
::1 - - [03/Nov/2025 12:52:32] "GET /?id=d33a153f-0f47-4015-9683-67faaac9c8ac&vscodeBrowserReqId=1762203152882 HTTP/1.1" 200 -
::1 - - [03/Nov/2025 12:52:33] "GET /?id=d33a153f-0f47-4015-9683-67faaac9c8ac&vscodeBrowserReqId=1762203153065 HTTP/1.1" 200 -
::1 - - [03/Nov/2025 12:53:13] "GET /?id=d33a153f-0f47-4015-9683-67faaac9c8ac&vscodeBrowserReqId=1762203193616 HTTP/1.1" 200 -
::1 - - [03/Nov/2025 12:53:35] "GET /?id=d33a153f-0f47-4015-9683-67faaac9c8ac&vscodeBrowserReqId=1762203215399 HTTP/1.1" 200 -
::1 - - [03/Nov/2025 12:53:39] "GET / HTTP/1.1" 304 -
::1 - - [03/Nov/2025 12:53:40] "GET /style.css HTTP/1.1" 200 -
::1 - - [03/Nov/2025 12:53:40] "GET /script.js HTTP/1.1" 200 -
::1 - - [03/Nov/2025 12:53:42] "GET /data/183data.geojson HTTP/1.1" 304 -
